2026-06-18 14:40:35 [main] INFO  testCase.Register_TC - accesing home page class through constructor 
2026-06-18 14:40:35 [main] INFO  testCase.Register_TC - accesing register page class through constructor 
2026-06-18 17:31:35 [main] INFO  testCase.Register_TC - accesing home page class through constructor 
2026-06-18 17:31:36 [main] INFO  testCase.Register_TC - accesing register page class through constructor 
2026-06-18 17:32:16 [main] INFO  testCase.Register_TC - accesing home page class through constructor 
2026-06-18 17:32:17 [main] INFO  testCase.Register_TC - accesing register page class through constructor 
2026-06-18 17:59:56 [main] INFO  testCase.Register_TC - accesing home page class through constructor 
2026-06-18 17:59:56 [main] INFO  testCase.Register_TC - accesing register page class through constructor 
2026-06-19 18:45:41 [main] INFO  testCase.TC002_loginpage - home page opening
2026-06-19 18:45:42 [main] INFO  testCase.TC002_loginpage - clicking login
2026-06-19 18:47:18 [main] INFO  testCase.TC002_loginpage - home page opening
2026-06-19 18:47:18 [main] INFO  testCase.TC002_loginpage - clicking login
2026-06-19 18:50:36 [main] INFO  testCase.TC002_loginpage - home page opening
2026-06-19 18:50:36 [main] INFO  testCase.TC002_loginpage - clicking login
2026-06-19 18:50:55 [main] INFO  testCase.TC002_loginpage - home page opening
2026-06-19 18:50:56 [main] INFO  testCase.TC002_loginpage - clicking login
2026-06-19 18:51:38 [main] INFO  testCase.TC002_loginpage - home page opening
2026-06-19 18:51:44 [main] INFO  testCase.TC002_loginpage - clicking login
2026-06-19 18:57:24 [main] INFO  testCase.TC002_loginpage - home page opening
2026-06-19 18:57:30 [main] INFO  testCase.TC002_loginpage - clicking login
2026-06-19 19:00:17 [main] INFO  testCase.TC002_loginpage - home page opening
2026-06-19 19:00:17 [main] INFO  testCase.TC002_loginpage - clicking login
2026-06-19 19:04:13 [main] INFO  testCase.TC002_loginpage - home page opening
2026-06-19 19:04:14 [main] INFO  testCase.TC002_loginpage - clicking login
2026-06-19 19:07:06 [main] INFO  testCase.TC002_loginpage - home page opening
2026-06-19 19:07:06 [main] INFO  testCase.TC002_loginpage - clicking login
2026-06-19 19:15:20 [main] INFO  testCase.TC002_loginpage - home page opening
2026-06-19 19:15:20 [main] INFO  testCase.TC002_loginpage - clicking login
2026-06-19 19:15:27 [main] INFO  testCase.TC002_loginpage - clicking login
2026-06-19 19:16:14 [main] INFO  testCase.TC002_loginpage - home page opening
2026-06-19 19:16:14 [main] INFO  testCase.TC002_loginpage - clicking login
2026-06-19 19:16:21 [main] INFO  testCase.TC002_loginpage - clicking login
2026-06-19 19:20:36 [main] INFO  testCase.TC002_loginpage - home page opening
2026-06-19 19:20:36 [main] INFO  testCase.TC002_loginpage - clicking login
2026-06-19 19:20:43 [main] INFO  testCase.TC002_loginpage - clicking login
2026-06-19 19:23:04 [main] INFO  testCase.TC002_loginpage - home page opening
2026-06-19 19:23:04 [main] INFO  testCase.TC002_loginpage - clicking login
2026-06-19 19:23:10 [main] INFO  testCase.TC002_loginpage - clicking login
2026-06-19 19:26:23 [main] INFO  testCase.TC002_loginpage - home page opening
2026-06-19 19:26:23 [main] INFO  testCase.TC002_loginpage - clicking login
2026-06-19 19:26:30 [main] INFO  testCase.TC002_loginpage - clicking login
2026-06-20 16:53:46 [main] INFO  testCase.TC003_logindata - clicking login
2026-06-20 16:53:50 [main] INFO  testCase.TC003_logindata - clicking login
2026-06-20 16:54:02 [main] INFO  testCase.TC003_logindata - clicking login
2026-06-20 16:58:09 [main] INFO  testCase.TC003_logindata - clicking login
2026-06-20 16:58:12 [main] INFO  testCase.TC003_logindata - clicking login
2026-06-20 16:58:24 [main] INFO  testCase.TC003_logindata - clicking login
2026-06-20 17:00:24 [main] INFO  testCase.TC003_logindata - clicking login
2026-06-20 17:00:32 [main] INFO  testCase.TC003_logindata - clicking login
2026-06-20 17:00:47 [main] INFO  testCase.TC003_logindata - clicking login
2026-06-20 17:05:33 [main] INFO  testCase.TC003_logindata - clicking login
2026-06-20 17:05:36 [main] INFO  testCase.TC003_logindata - clicking login
2026-06-20 17:05:48 [main] INFO  testCase.TC003_logindata - clicking login
2026-06-20 17:19:32 [main] INFO  testCase.TC003_logindata - clicking login
2026-06-20 17:19:35 [main] INFO  testCase.TC003_logindata - clicking login
2026-06-20 17:19:47 [main] INFO  testCase.TC003_logindata - clicking login
2026-06-20 17:23:24 [main] INFO  testCase.TC003_logindata - clicking login
2026-06-20 17:23:27 [main] INFO  testCase.TC003_logindata - clicking login
2026-06-20 17:23:39 [main] INFO  testCase.TC003_logindata - clicking login
2026-06-21 17:18:59 [main] INFO  testCase.TC002_loginpage - home page opening
2026-06-21 17:19:00 [main] INFO  testCase.TC002_loginpage - clicking login
2026-06-21 17:19:06 [main] INFO  testCase.TC002_loginpage - clicking login
2026-06-21 19:36:38 [main] INFO  testCase.Register_TC - accesing home page class through constructor 
2026-06-21 19:36:39 [main] INFO  testCase.Register_TC - accesing register page class through constructor 
2026-06-21 19:36:46 [main] INFO  testCase.TC002_loginpage - home page opening
2026-06-21 19:36:46 [main] INFO  testCase.TC002_loginpage - clicking login
2026-06-21 19:36:53 [main] INFO  testCase.TC002_loginpage - clicking login
2026-06-21 19:41:01 [main] INFO  testCase.Register_TC - accesing home page class through constructor 
2026-06-21 19:41:02 [main] INFO  testCase.Register_TC - accesing register page class through constructor 
2026-06-21 19:41:10 [main] INFO  testCase.TC002_loginpage - home page opening
2026-06-21 19:41:10 [main] INFO  testCase.TC002_loginpage - clicking login
2026-06-21 19:41:16 [main] INFO  testCase.TC002_loginpage - clicking login
2026-06-21 19:46:40 [main] INFO  testCase.Register_TC - accesing home page class through constructor 
2026-06-21 19:46:40 [main] INFO  testCase.Register_TC - accesing register page class through constructor 
2026-06-21 19:46:46 [main] INFO  testCase.TC002_loginpage - home page opening
2026-06-21 19:46:47 [main] INFO  testCase.TC002_loginpage - clicking login
2026-06-21 19:46:53 [main] INFO  testCase.TC002_loginpage - clicking login
2026-06-21 19:49:22 [main] INFO  testCase.Register_TC - accesing home page class through constructor 
2026-06-21 19:49:23 [main] INFO  testCase.Register_TC - accesing register page class through constructor 
2026-06-21 19:49:29 [main] INFO  testCase.TC002_loginpage - home page opening
2026-06-21 19:49:29 [main] INFO  testCase.TC002_loginpage - clicking login
2026-06-21 19:49:35 [main] INFO  testCase.TC002_loginpage - clicking login
2026-06-23 14:24:50 [main] INFO  testCase.Register_TC - accesing home page class through constructor 
2026-06-23 14:24:51 [main] INFO  testCase.Register_TC - accesing register page class through constructor 
2026-06-23 14:24:58 [main] INFO  testCase.TC002_loginpage - home page opening
2026-06-23 14:24:58 [main] INFO  testCase.TC002_loginpage - clicking login
2026-06-23 14:25:04 [main] INFO  testCase.TC002_loginpage - clicking login
2026-06-23 14:26:26 [main] INFO  testCase.Register_TC - accesing home page class through constructor 
2026-06-23 14:26:26 [main] INFO  testCase.Register_TC - accesing register page class through constructor 
2026-06-23 14:27:02 [main] INFO  testCase.Register_TC - accesing home page class through constructor 
2026-06-23 14:27:03 [main] INFO  testCase.Register_TC - accesing register page class through constructor 
2026-06-23 14:27:10 [main] INFO  testCase.TC002_loginpage - home page opening
2026-06-23 14:27:10 [main] INFO  testCase.TC002_loginpage - clicking login
2026-06-23 14:27:17 [main] INFO  testCase.TC002_loginpage - clicking login
2026-06-23 14:28:25 [main] INFO  testCase.Register_TC - accesing home page class through constructor 
2026-06-23 14:28:26 [main] INFO  testCase.Register_TC - accesing register page class through constructor 
2026-06-23 14:28:33 [main] INFO  testCase.TC002_loginpage - home page opening
2026-06-23 14:28:33 [main] INFO  testCase.TC002_loginpage - clicking login
2026-06-23 14:28:40 [main] INFO  testCase.TC002_loginpage - clicking login
2026-06-24 23:30:40 [main] INFO  testCase.Register_TC - accesing home page class through constructor 
2026-06-25 11:44:46 [main] INFO  testCase.Register_TC - accesing home page class through constructor 
2026-06-25 11:44:47 [main] INFO  testCase.Register_TC - accesing register page class through constructor 
2026-06-25 11:52:42 [main] INFO  testCase.Register_TC - accesing home page class through constructor 
2026-06-25 11:52:43 [main] INFO  testCase.Register_TC - accesing register page class through constructor 
2026-06-25 11:53:03 [main] INFO  testCase.TC002_loginpage - home page opening
2026-06-25 11:53:04 [main] INFO  testCase.TC002_loginpage - clicking login
2026-06-25 11:53:10 [main] INFO  testCase.TC002_loginpage - clicking login
2026-06-25 12:00:09 [main] INFO  testCase.Register_TC - accesing home page class through constructor 
2026-06-25 12:00:12 [main] INFO  testCase.Register_TC - accesing register page class through constructor 
2026-06-25 12:00:20 [main] INFO  testCase.TC002_loginpage - home page opening
2026-06-25 12:00:20 [main] INFO  testCase.TC002_loginpage - clicking login
2026-06-25 12:04:21 [main] INFO  testCase.Register_TC - accesing home page class through constructor 
2026-06-25 12:04:40 [main] INFO  testCase.TC002_loginpage - home page opening
2026-06-25 12:04:40 [main] INFO  testCase.TC002_loginpage - clicking login
2026-06-25 12:04:47 [main] INFO  testCase.TC002_loginpage - clicking login
2026-06-25 12:20:10 [main] INFO  testCase.Register_TC - accesing home page class through constructor 
2026-06-25 12:20:13 [main] INFO  testCase.Register_TC - accesing register page class through constructor 
2026-06-25 12:20:22 [main] INFO  testCase.TC002_loginpage - home page opening
2026-06-25 12:20:22 [main] INFO  testCase.TC002_loginpage - clicking login
2026-06-25 12:20:29 [main] INFO  testCase.TC002_loginpage - clicking login
2026-06-25 13:45:59 [main] INFO  testCase.Register_TC - accesing home page class through constructor 
2026-06-25 13:58:12 [main] INFO  testCase.Register_TC - accesing home page class through constructor 
2026-06-25 13:58:13 [main] INFO  testCase.Register_TC - accesing register page class through constructor 
2026-06-25 13:58:19 [main] INFO  testCase.TC002_loginpage - home page opening
2026-06-25 13:58:19 [main] INFO  testCase.TC002_loginpage - clicking login
2026-06-25 13:58:25 [main] INFO  testCase.TC002_loginpage - clicking login
2026-06-25 13:59:16 [main] INFO  testCase.Register_TC - accesing home page class through constructor 
2026-06-25 13:59:16 [main] INFO  testCase.Register_TC - accesing register page class through constructor 
2026-06-25 13:59:22 [main] INFO  testCase.TC002_loginpage - home page opening
2026-06-25 13:59:22 [main] INFO  testCase.TC002_loginpage - clicking login
2026-06-25 13:59:28 [main] INFO  testCase.TC002_loginpage - clicking login
2026-06-25 14:15:21 [main] INFO  testCase.Register_TC - accesing home page class through constructor 
2026-06-25 14:15:21 [main] INFO  testCase.Register_TC - accesing register page class through constructor 
2026-06-25 14:15:25 [main] INFO  testCase.TC002_loginpage - home page opening
2026-06-25 14:15:26 [main] INFO  testCase.TC002_loginpage - clicking login
2026-06-25 14:15:32 [main] INFO  testCase.TC002_loginpage - clicking login
